SQL> CREATE TABLE bus(
  2      bus_id NUMBER GENERATED BY DEFAULT AS IDENTITY,
  3      Prenom VARCHAR2(50) NOT NULL,
  4      Nom VARCHAR2(50) NOT NULL,
  5      Telephone NUMBER,
  6      Point_de_depart VARCHAR2(50) NOT NULL,
  7      Address VARCHAR2(50) NOT NULL,
  8      PRIMARY KEY(person_id)
  9  );
    PRIMARY KEY(person_id)
                *
ERREUR à la ligne 8 :
ORA-00904: "PERSON_ID" : identificateur non valide 


SQL> 
SQL> CREATE TABLE bus(
  2      bus_id NUMBER GENERATED BY DEFAULT AS IDENTITY,
  3      Prenom VARCHAR2(50) NOT NULL,
  4      Nom VARCHAR2(50) NOT NULL,
  5      Telephone NUMBER,
  6      Point_de_depart VARCHAR2(50) NOT NULL,
  7      Address VARCHAR2(50) NOT NULL,
  8      PRIMARY KEY(bus_id)
  9  );

Table créée.

SQL> CREATE TABLE taxi(
  2      taxi_id NUMBER GENERATED BY DEFAULT AS IDENTITY,
  3      Prenom VARCHAR2(50) NOT NULL,
  4      Nom VARCHAR2(50) NOT NULL,
  5      Telephone NUMBER,
  6      date_time DATE,
  7      hour NUMBER(2) GENERATED ALWAYS as (EXTRACT(HOUR FROM date_time)),
  8      destination VARCHAR2(50) NOT NULL,
  9      PRIMARY KEY(taxi_id)
 10  );
    hour NUMBER(2) GENERATED ALWAYS as (EXTRACT(HOUR FROM date_time)),
                                                          *
ERREUR à la ligne 7 :
ORA-30076: champ d'extraction non valide pour la source d'extraction 


SQL> CREATE TABLE taxi(
  2      taxi_id NUMBER GENERATED BY DEFAULT AS IDENTITY,
  3      Prenom VARCHAR2(50) NOT NULL,
  4      Nom VARCHAR2(50) NOT NULL,
  5      Telephone NUMBER,
  6      date_time DATE,
  7      destination VARCHAR2(50) NOT NULL,
  8      PRIMARY KEY(taxi_id)
  9  );

Table créée.

SQL> drop taxi;
drop taxi
     *
ERREUR à la ligne 1 :
ORA-00950: option DROP non valide 


SQL> drop table taxi;

Table supprimée.

SQL> drop table bus;

Table supprimée.

SQL> CREATE TABLE bus(
  2      bus_id NUMBER GENERATED BY DEFAULT AS IDENTITY,
  3      Matricule VARCHAR(50) NOT NULL,
  4      Ligne VARCHAR(50) NOT NULL,
  5      Telephone NUMBER,
  6      Date_depart DATE,
  7      Date_arriv‚e  DATE,
  8      prix NUMBER,
  9      PRIMARY KEY(bus_id)
 10  );
    Date_arriv‚e  DATE,
              *
ERREUR à la ligne 7 :
ORA-00911: caractère non valide 


SQL> CREATE TABLE bus(
  2      bus_id NUMBER GENERATED BY DEFAULT AS IDENTITY,
  3      Matricule VARCHAR(50) NOT NULL,
  4      Ligne VARCHAR(50) NOT NULL,
  5      Telephone NUMBER,
  6      Date_depart DATE,
  7      Date_arrivee  DATE,
  8      prix NUMBER,
  9      PRIMARY KEY(bus_id)
 10  
SQL> spool off
