SQL> insert into bus values(
  2  1,
  3  'm0000',
  4  'euromed_gare',
  5  '17/12/2015',
  6  '18/12/2015',
  7  '10',
  8  1
  9  );
'17/12/2015',
*
ERREUR à la ligne 5 :
ORA-01722: Nombre non valide 


SQL> insert into bus values(
  2  1,
  3  'm0000',
  4  'euromed_gare',
  5  '17-12-2015',
  6  '18-12-2015',
  7  '10',
  8  1
  9  );
'17-12-2015',
*
ERREUR à la ligne 5 :
ORA-01722: Nombre non valide 


SQL> insert into bus values(
  2  1,
  3  'm0000',
  4  'euromed_gare',
  5  '11/12/2015',
  6  '12/12/2015',
  7  '10',
  8  1
  9  );
'11/12/2015',
*
ERREUR à la ligne 5 :
ORA-01722: Nombre non valide 


SQL> insert into bus values(
  2  1,
  3  'm0000',
  4  'euromed_gare',
  5  12-DEC-2022,
  6  13-DEC-2022,
  7  '10',
  8  1
  9  );
13-DEC-2022,
   *
ERREUR à la ligne 6 :
ORA-00984: un nom de colonne n'est pas autorisé ici 


SQL> insert into bus values(
  2  1,
  3  'm0000',
  4  'euromed_gare',
  5  2022-12-12,
  6  2022-12-13,
  7  '10',
  8  1
  9  );
2022-12-13,
       *
ERREUR à la ligne 6 :
ORA-00932: types de données incohérents ; attendu : DATE ; obtenu : NUMBER 


SQL> insert into bus values(
  2  1,
  3  'm0000',
  4  'euromed_gare',
  5  '12-DEC-2022',
  6  '13-DEC-2022',
  7  '10',
  8  1
  9  );
'12-DEC-2022',
*
ERREUR à la ligne 5 :
ORA-01722: Nombre non valide 


SQL> insert into bus values(
  2  1,
  3  'm0000',
  4  'euromed_gare',
  5  '2022-12-12',
  6  '2022-12-13',
  7  '10',
  8  1
  9  );
'2022-12-12',
*
ERREUR à la ligne 5 :
ORA-01722: Nombre non valide 


SQL> insert into bus values(
  2  1,
  3  'm0000',
  4  'euromed_gare',
  5  '0623121456',
  6  '2022-12-12',
  7  '2022-12-13',
  8  '10',
  9  1
 10  );
insert into bus values(
            *
ERREUR à la ligne 1 :
ORA-00913: trop de valeurs 


SQL> insert into bus values(
  2  1,
  3  'm0000',
  4  'euromed_gare',
  5  '2022-12-12',
  6  '2022-12-13',
  7  '10',
  8  );
)
*
ERREUR à la ligne 8 :
ORA-00936: expression absente 


SQL> insert into bus values(
  2  1,
  3  'm0000',
  4  'euromed_gare',
  5  '2022-12-12',
  6  '2022-12-13',
  7  '10'
  8  );
insert into bus values(
            *
ERREUR à la ligne 1 :
ORA-00947: nombre de valeurs insuffisant 


SQL> create table bus(
  2   bus_id NUMBER GENERATED BY DEFAULT AS IDENTITY,
  3          Matricule VARCHAR(50) NOT NULL,
  4          Ligne VARCHAR(50) NOT NULL,
  5          Telephone NUMBER,
  6          Date_depart DATE,
  7          Date_arrivee  DATE,
  8          prix NUMBER,
  9          PRIMARY KEY(bus_id)
 10  );
create table bus(
             *
ERREUR à la ligne 1 :
ORA-00955: ce nom d'objet existe déjà 


SQL> create table bus(
  2  
SQL> create table bus2(
  2          Matricule VARCHAR(50) NOT NULL,
  3          Ligne VARCHAR(50) NOT NULL,
  4          Telephone NUMBER,
  5          Date_depart DATE,
  6          Date_arrivee  DATE,
  7          prix NUMBER,
  8  );
)
*
ERREUR à la ligne 8 :
ORA-00904:  : identificateur non valide 


SQL> create table bus(
  2          Matricule VARCHAR(50) NOT NULL,
  3          Ligne VARCHAR(50) NOT NULL,
  4          Telephone NUMBER,
  5          Date_depart DATE,
  6          Date_arrivee  DATE,
  7          prix NUMBER,
  8  
SQL> 
SQL> create table bus(
  2          Matricule VARCHAR(50) NOT NULL,
  3          Ligne VARCHAR(50) NOT NULL,
  4          Telephone NUMBER,
  5          Date_depart DATE,
  6          Date_arrivee  DATE,
  7          prix NUMBER
  8  );
create table bus(
             *
ERREUR à la ligne 1 :
ORA-00955: ce nom d'objet existe déjà 


SQL> create table bus2(
  2  create table bus(
  3  
SQL> spool off
